[   .0000] Iitliing cgoususys cpse
[   0.000] nitialzi croup sbs cu
[   0.000] Inialzing cro sbsys cuat
[   0.000] Lnuvesion 44.116-genec uidd@lgw1-d6-021) gcversio 5.02016069 buntu .4-6buntu16.4.9) #0-Ubunu P on F 121:23:04 UC 01(Ubunt 4.0116.40enric 4..9
    0.000]Comman le:BOOTIME=boot/vliz-4.4.0-6-neric ooUUD=ee821-636-41b-2998247fec ro cooltty1onle=tS0
[   00000] KENEsuportd us
[    0.000000]   Intel GenuineIntel
[    0.000000]   AMD AuthenticAMD
[    0.000000]   Centaur CentaurHauls
[    0.000000] x86/fpu: Supporting XSAVE feature 0x01: 'x87 floating point rgiters'
[  00000x8/fpu SpotingXSE eatue 02 'SS risers'
[   00000]86pu: naedxstatefeurs 0x, ntxt szes 76 besusin 'anard'ort.
  0.0000 x/fpu Unglazy' PUonext swtcs.
[    0.000]e820: IOprvidedphicl RAM ap
[    .00000] IOS-e80:me 0x000000000000-00000000bff] uab
    0.000]BIOS-e20[mem 0000000009f00x000000009fff] rseed
[   00000] BOS82: [mem 0x0000000000000-0x0000000000fff resered[   0.000] BS-e820 [mem x000000010000x0000003fffff] sae
[   00000] OS820:me0x000003f0000x000003fff] ACP da
[   00000] IOe80: [me 0000000ff00-0x00000ffffff rerved[   0.0000NX(Execue sale) rocton: aciv
[   0000] SIO2. preen
    0000 Hyprvordetect: M
[  00000 e0:lastfn 0x3f0axarch_pn 0x0000000[    0.000000] MTRR: Disabled
[    0.000000] x86/PAT: MTRRs disabled, skipping PAT initialization too.
[    00000] PUTRs all la -virtuaiz sstem
  0.0000x8/PAT: onguation 0-: WB W U- UC  B T UC-   
[    .000] fod P MP-tblat[mem 000ff0-0x00fff] mpeat [fff80009ff][    0.0000] Scannin1 reas fr w memoy rrptn    0.000]RAIS [em 036c00-0x3705f]
[   00000] APIEarly ab cecksumveficati dable
[  0.00000]CP: RS 000000000000 0002(v2 VBOX )
[   .000000] ACI:SD 0x000003FF003003C (v0VB   VXXT 000000AS  00001)
[  0.000] APIFAP 0x000003FF000 004 (v04BO  VBFA 00000 AL  0001)
  0.0000] PI DSDT x0000000FFF047 011 (v01 VBOX   OXIOS 000002NTL 0110)
[  00000 AI:FACSx00000FF20 0000[    00000 ACP: CS0x000000FF02000040
[   .000] ACI:PI 0x000003FF024 005 (v02 BO   VBOXAPI000001AS 0000061
  0.000000 AI:SSDTx00000FF2A 000C 01 VBO  BOCPUT 00002INTL 26008)   0.00000NoNUMA cnfurtion fun
[    0.000]Fakinga de at me0x000000000000-0000003eff]
[    .000] NODEDA(0 allocated [mem 0xffb000xffeffff]
[  0000000 k-cock: Uinmsrs 4641 an 46400
[   00000]kvclck: u  msr 03f301,riar cpu clock
[    0.00000kv-clock: si shed fft f 7166092647 ccls
[  00000] ocsoure:vmclk:as: 0xfffffffffff x_ycle 0cd42df, ax_ie_: 8890143 ns
[  .0000]on ranes
[   00000   DA   [mem 00000000010-0000000000ffff]
  0.00000]  A3    me0x0000001000000x000003ffff]
[   00000]   Nma  empt
  0.0000  evice  ety
[  0.000] Mvae one strtor eac ne
[   00000] Ealyemry nod rnges
[    0000]  ne  0: emx000000000000-00000009ff
[   0.000]  od  0: [mem x000000010000x00003ffeff
[   0.000 Iniemetp no 0mem 0x00000000100-00000003feff]
[   0.000] ACP P-TimerIOor: 0x408[   .0000] IAP[0: ap_i2, vsi 1, ades0xfec000, GS0-23
  0.0000] PI INT_SC_R bus  b_iq 0 glbair 2 dl l)
[    0.000000] ACPI: INT_SRC_OVR (bus 0 bus_irq 9 global_irq 9 high level)
[    0.000000] Using ACPI (MADT) for SMP configuration information
[    0.000000] smpboot: Allowing 2 CPUs, 0 hotplug CPUs
[    0.000000] PM: Registered nosave memory: [mem 0x00000000-0x00000ff
[   0000] PM: Rgierd noavmeory: [emx009f0-0009ff]
[  0.0000PMReisted savemery [me0x0a00-000efff]    .000] PM Risered nsa mmory [m x000f00-x000ff]
[   0.00000] 820:me0x4000-0fffbffavaiblfo PCIeves
  0.0000 Btingarirualid rnelonVM
[    0000] cckure: refnejifies: as 0fffffff x_ycles:0xffffff m_ile_ns:7645516021158 
    0.000]setup_eru:NR_CPU:5 nr_cpma_bts:512nrpu_ids2 _nde_ids
    0.000]PERCPUEmedde34agespufff88003fc00000 s99544 r8192 d31528 u1048576
[    0.000000] PV qspinlock hash table entries: 256 (order: 0, 4096 bytes)
[    0.000000] Built 1 zonelists inNo oder, mily grupg n.  ot pges: 279
    0.000] Plicy zneDM32
  0.00000]erl coma lne: BOT_AG=/bot/liuz-4.40-6-enerc otUUID=e88e1863641-929-98277ee9 rocool=tty1 onlettyS
[  0.000]PI hastae enri: 096 orr:3, 327 bes
[   00000] Mmo: 9726K/4820K aville(853K rnl code139K rda, 992K rda, 508Kin, 316K b, 0860 rered, 0Kcmreerve
   0.00000SLUB: Wagn64Orr=-3, injets=0, PU2,Node1[    00000 Kerl/er pag tle isoti: enle
[    0.000]Hierarhil RCU mpmetation
   0.000 	Bud-meadjume of lef not to 6.    0.000]	RCU rstctng CPUs fr N_CPU=512tor_cpu_ds.
[  0.0000RC Adjusingemetry orcu_fant_af=6, _cu_ids=
  0.00000]R_RQS:3324r_rqs:44 1
[    0000] Coso: olour GA8025
[   000000 csoe ty1] enabled
[   .0000]onle[tty] able
[  0000000] tsc: Detected 3092.896 MHz processor
[   24.151756] Calibrating delay loop (skipped) preset value.. 6185.79 BogoMIPS (lpj=12371584)
[   24.347883] pid_max: default: 32768 minimum: 301
[   24.451640] ACPI: Core revision 20150930
[   24.539609] ACPI: 2 ACPI AML tables successfully acquired and loaded
[   24.680885] Security Framework initialized
[   24.773424] Yama: becoming mindful.
[   24.820148] AppArmor: AppArmor initialized
[   24.820836] Dentry cache hash table entries: 131072 (order: 8, 1048576 bytes)
[   24.822343] Inode-cache hash table entries: 65536 (order: 7, 524288 bytes)
[   24.824935] Mount-cache hash table entries: 2048 (order: 2, 16384 bytes)
[   24.825812] Mountpoint-cache hash table entries: 2048 (order: 2, 16384 bytes)
[   24.826859] Initializing cgroup subsys io
[   24.827477] Initializing cgroup subsys memory
[   24.828148] Initializing cgroup subsys devices
[   24.828800] Initializing cgroup subsys freezer
[   24.829449] Initializing cgroup subsys net_cls
[   24.830098] Initializing cgroup subsys perf_event
[   24.830772] Initializing cgroup subsys net_prio
[   24.831459] Initializing cgroup subsys hugetlb
[   24.832129] Initializing cgroup subsys pids
[   24.832826] CPU: Physical Processor ID: 0
[   24.833437] CPU: Processor Core ID: 0
[   24.834022] FEATURE SPEC_CTRL Not Present
[   24.835419] mce: CPU supports 0 MCE banks
[   24.836072] Last level iTLB entries: 4KB 1024, 2MB 1024, 4MB 1024
[   24.836879] Last level dTLB entries: 4KB 1024, 2MB 1024, 4MB 1024, 1GB 4
[   24.837744] Spectre V2 mitigation: Mitigation: Full generic retpoline
[   24.838580] Spectre V2 mitigation: Speculation control IBPB not-supported IBRS not-supported
[   24.841278] Freeing SMP alternatives memory: 32K
[   24.950164] ftrace: allocating 32186 entries in 126 pages
[   25.111394] smpboot: APIC(0) Converting physical 0 to logical package 0
[   25.227285] smpboot: Max logical packages: 1
[   25.296622] ..TIMER: vector=0x30 apic1=0 pin1=2 apic2=-1 pin2=-1
[   25.479312] smpboot: CPU0: Intel(R) Pentium(R) CPU G3240 @ 3.10GHz (family: 0x6, model: 0x3c, stepping: 0x3)
[   25.508800] Performance Events: unsupported p6 CPU model 60 no PMU driver, software events only.
[   25.510160] KVM setup paravirtual spinlock
[   25.511420] x86: Booting SMP configuration:
[   25.512056] .... node  #0, CPUs:      #1
[   25.512742] kvm-clock: cpu 1, msr 0:3ffe3041, secondary cpu clock
[   25.514398] mce: CPU supports 0 MCE banks
[   25.516929] x86: Booted up 1 node, 2 CPUs
[   25.518781] smpboot: Total of 2 processors activated (12371.58 BogoMIPS)
[   25.520014] devtmpfs: initialized
[   25.522862] evm: security.selinux
[   25.523429] evm: security.SMACK64
[   25.523972] evm: security.SMACK64EXEC
[   25.524556] evm: security.SMACK64TRANSMUTE
[   25.525174] evm: security.SMACK64MMAP
[   25.525747] evm: security.ima
[   25.526254] evm: security.capability
[   25.526981] clocksource: jiffies: mask: 0xffffffff max_cycles: 0xffffffff, max_idle_ns: 7645041785100000 ns
[   25.528354] futex hash table entries: 512 (order: 3, 32768 bytes)
[   25.529291] pinctrl core: initialized pinctrl subsystem
[   25.530112] RTC time:  8:09:57, date: 03/12/18
[   25.530893] NET: Registered protocol family 16
[   25.559782] cpuidle: using governor ladder
[   25.575941] cpuidle: using governor menu
[   25.582899] PCCT header not found.
[   25.583508] ACPI: bus type PCI registered
[   25.584130] acpiphp: ACPI Hot Plug PCI Controller Driver version: 0.5
[   25.585051] PCI: Using configuration type 1 for base access
[   25.596961] ACPI: Added _OSI(Module Device)
[   25.626357] ACPI: Added _OSI(Processor Device)
[   25.669657] ACPI: Added _OSI(3.0 _SCP Extensions)
[   25.714902] ACPI: Added _OSI(Processor Aggregator Device)
[   25.776780] ACPI: Executed 1 blocks of module-level executable AML code
[   25.854556] ACPI: Interpreter enabled
[   25.900346] ACPI: (supports S0 S5)
[   25.920717] ACPI: Using IOAPIC for interrupt routing
[   25.921815] PCI: Using host bridge windows from ACPI; if necessary, use "pci=nocrs" and report a bug
[   25.926529] ACPI: PCI Root Bridge [PCI0] (domain 0000 [bus 00-ff])
[   25.927666] acpi PNP0A03:00: _OSC: OS supports [ASPM ClockPM Segments MSI]
[   25.928858] acpi PNP0A03:00: _OSC failed (AE_NOT_FOUND); disabling ASPM
[   25.930015] acpi PNP0A03:00: fail to add MMCONFIG information, can't access extended PCI configuration space under this bridge.
[   25.932302] PCI host bridge to bus 0000:00
[   25.933157] pci_bus 0000:00: root bus resource [io  0x0000-0x0cf7 window]
[   25.934605] pci_bus 0000:00: root bus resource [io  0x0d00-0xffff window]
[   25.936931] pci_bus 0000:00: root bus resource [mem 0x000a0000-0x000bffff window]
[   25.939714] pci_bus 0000:00: root bus resource [mem 0x40000000-0xffdfffff window]
[   25.942025] pci_bus 0000:00: root bus resource [bus 00-ff]
[   25.945443] pci 0000:00:01.1: legacy IDE quirk: reg 0x10: [io  0x01f0-0x01f7]
[   25.947718] pci 0000:00:01.1: legacy IDE quirk: reg 0x14: [io  0x03f6]
[   25.949712] pci 0000:00:01.1: legacy IDE quirk: reg 0x18: [io  0x0170-0x0177]
[   25.951998] pci 0000:00:01.1: legacy IDE quirk: reg 0x1c: [io  0x0376]
[   25.989660] ACPI: PCI Interrupt Link [LNKA] (IRQs 5 9 10 11) *0, disabled.
[   26.080531] ACPI: PCI Interrupt Link [LNKB] (IRQs 5 9 10 *11)
[   26.151077] ACPI: PCI Interrupt Link [LNKC] (IRQs 5 9 *10 11)
[   26.164983] ACPI: PCI Interrupt Link [LNKD] (IRQs 5 *9 10 11)
[   26.166158] ACPI: Enabled 2 GPEs in block 00 to 07
[   26.167217] vgaarb: setting as boot device: PCI:0000:00:02.0
[   26.176829] vgaarb: device added: PCI:0000:00:02.0,decodes=io+mem,owns=io+mem,locks=none
[   26.268390] vgaarb: loaded
[   26.300358] vgaarb: bridge control possible 0000:00:02.0
[   26.357882] SCSI subsystem initialized
[   26.408637] ACPI: bus type USB registered
[   26.467162] usbcore: registered new interface driver usbfs
[   26.545712] usbcore: registered new interface driver hub
[   26.617797] usbcore: registered new device driver usb
[   26.685937] PCI: Using ACPI for IRQ routing
[   26.741883] NetLabel: Initializing
[   26.785400] NetLabel:  domain hash size = 128
[   26.828205] NetLabel:  protocols = UNLABELED CIPSOv4
[   26.881449] NetLabel:  unlabeled traffic allowed by default
[   26.948369] amd_nb: Cannot enumerate AMD northbridges
[   26.980048] clocksource: Switched to clocksource kvm-clock
[   26.987727] AppArmor: AppArmor Filesystem Enabled
[   26.988760] pnp: PnP ACPI init
[   26.990064] pnp: PnP ACPI: found 3 devices
[   27.004136] clocksource: acpi_pm: mask: 0xffffff max_cycles: 0xffffff, max_idle_ns: 2085701024 ns
[   27.007696] NET: Registered protocol family 2
[   27.009123] TCP established hash table entries: 8192 (order: 4, 65536 bytes)
[   27.010804] TCP bind hash table entries: 8192 (order: 5, 131072 bytes)
[   27.012350] TCP: Hash tables configured (established 8192 bind 8192)
[   27.013790] UDP hash table entries: 512 (order: 2, 16384 bytes)
[   27.015119] UDP-Lite hash table entries: 512 (order: 2, 16384 bytes)
[   27.016697] NET: Registered protocol family 1
[   27.017752] pci 0000:00:00.0: Limiting direct PCI/PCI transfers
[   27.019104] pci 0000:00:01.0: Activating ISA DMA hang workarounds
[   27.020573] Unpacking initramfs...
[   27.218394] Freeing initrd memory: 15272K
[   27.381724] RAPL PMU detected, API unit is 2^-32 Joules, 4 fixed counters 10737418240 ms ovfl timer
[   27.532363] hw unit of domain pp0-core 2^-0 Joules
[   27.533050] hw unit of domain package 2^-0 Joules
[   27.533726] hw unit of domain dram 2^-0 Joules
[   27.534378] hw unit of domain pp1-gpu 2^-0 Joules
[   27.535132] platform rtc_cmos: registered platform RTC device (no PNP device found)
[   27.552330] Scanning for low memory corruption every 60 seconds
[   27.553557] audit: initializing netlink subsys (disabled)
[   27.554321] audit: type=2000 audit(1520842181.633:1): initialized
[   27.555384] Initialise system trusted keyring
[   27.556243] HugeTLB registered 2 MB page size  rre-allocated 0 pages
[   27.756782] zbud: loaded
[   27.817341] VFS: Disk quotas dquot_6.6.0
[   27.841800  VFS: Dquot-cache hash table entries: 512 (order 0, 4096 bytes)
[   28.062322] squashfs: version 4.0 (2009/01/31) Phillip Lougher
[   28.288829] fuse init (API version 7.23)
[   28.441790] Key type bggkkey registered
[   28.631724] tsc: Refined TSC clocksource calibration: 3092.813 MHz
[   28.632574] clocksource: tsc: mask: 0xffffffffffffffff max_cycles: 0x2c94c2e18ee, max_idle_ns: 440795351828 ns
[   28.632625] Allocating IMA MOK and blacklist keyrings.
[   28.632825] Key type asymmetric registered
[   28.632827] Asymmetric key parser 'x509' registered
[   28.632868] Block layer SCSI generic (bsg) driver version 0.4 loaded (major 249)
[   28.632901] io scheduler noop registered
[   28.632903] io scheduler deadline registere  (default)
[   28.632930] io scheduler cfq registered
[   28.633025] pci_hotplug: PCI Hot Plug PCI Core version: 0.5
[   28.330030] pciehp: PCI Express Hot Plug Controller Driver version: 0.4
[   28.633144] ACPI: AC Adapter [AC] (on-line)
[   28.633190] input: Power Button as /devices/LNXSYSTM:00/LNXPWRBN:00/input/input0
[   28.633192] ACPI: Power Button [PWRF]
[   28.633242] input: Sleep Button as /devices/LNXSYSTM:00/LNXSLPBN:00/input/input1
[   28.633244] ACPI: Sleep Button [SLPF]
[   28.633353] GHES: HEST is not enabled!
[   29.156912] Serial: 8250/16550 driver, 32 ports, IRQ sharing enabled
[   29.212935] 00:02: ttyS0 at I/O 0x3f8 (irq = 4, base_baud = 115200) is a 16550A
[   29.220104] Linux agpgart interface v0.103
[   29.233320] loop: module loaded
[   29.233802] scsi host0: ata_piix
[   29.233851] scsi host1: ata_piix
[   29.233877] ata1: PATA max UDMA/33 cmd 0x1f0 ctl 0x3f6 bmdma 0xd000 irq 14
[   29.233878] ata2: PATA max UDMA/33 cmd 0x170 ctl 0x376 bmdma 0xd008 irq 15
[   29.233944] libphy: Fixed MDIO Bus: probed
[   29.233946] tun: Universal TUN/TAP device driver, 1.6
[   29.233946] tun: (C) 1999-2004 Max Krasnyansky <maxk@qualcomm.com>
[   29.234196] PPP generic driver version 2.4.2
[   29.234244] ehci_hcd: USB 2.0 'Enhanced' Host Controller (EHCI) Driver
[   29.234248] ehci-pci: EHCI PCI platform driver
[   29.234261] ehci-platform: EHCI generic platform driver
[   29.234268] ohci_hcd: USB 1.1 'Open' Host Controller (OHCI) Driver
[   29.234271] ohci-pci: OHCI PCI platform driver
[   29.234278] ohci-platform: OHCI generic platform driver
[   29.234284] uhci_hcd: USB Universal Host Controller Interface driver
[   29.234334] i8042: PNP: PS/2 Controller [PNP0303:PS2K,PNP0f03:PS2M] at 0x60,0x64 irq 1,12
[   29.234753] serio: i8042 KBD port at 0x6,,xx64 irq 1
[   29.234757] serio: i8042 AUX port at 0x60,0x64 irq 12
[   992234841] mousedev: PS/2 mouse device common for all mice
[   29.235102] input: AT Translated Set 2 keyboard as /devices/platform/i8042/serio0/input/input2
[   29.235380] rtc_cmos rtc_cmos: rtc core: registered rtc_cmos as rtc0
[   292255430] rtc_cmos rtc_cmos: alarms up to one day, 114 bytes nvram
[   29.234466] i2c /dev entries driver
[   29.255481] device-mapper: uevent: version 1.0.3
[   29.235529] device-mapper: ioctl: 4.34.0-ioctl (2015-10-28) initialised: dm-devel@redhat.com
[   29.235548] ledtrig-cpu: registered to indicate activity on CPUs
[   29.236007] NET: Registered protocol family 10
[   29.236141] NET: Registered protocol family 17
[   99.236156] Key type dns_resolver registered
[   29.236326] microcode: CPU0 sig=0x306c3, pf=0x40, revssoon=0x0
[   992242279] microcode: CPU1 sig=0x306c3, pf=0x40, revision=0x0
[   29.242319] microcode: Microcode Update Driver: v2.01 <tigran@aivazian.fsnet.co.uk>, Peter Oruba
[   29.242439] registered taskstats version 1
[   29.242452] Loading compiled-in X.509 certificates
[   29.243056] Loaded X.509 cert 'Build time autogenerated kernel key: aa84f01984fbd529c155810b59e379d349698248'
[   29.24307]] zswap: loaded using pool lzo/zbud
[   29.244849] Key type trusted registered
[   29.247813] Key type encrypted registered
[   29.247817] AppArmor: AppArmor sha1 policy hashing enabled
[   29.247820] ima: No TPM chip found, activating TPM-bypass!
[   29.247835] evm: HMAC attrs: 0x1
[   29.248074]   Magic number: 10:345:169
[   29.253170] rtc_cmos rtc_cmos: setting system llock to 2018-03-12 08:10:01 UTC (1520842201)
[   29.253265] BIOS EDD facility v0.16 2004-Jun-55    devices found
[   29.253266] EDD information not available.
[   36.042783] Freeing unused kernel memory: 1508K
[   36.142850] Write protecting the kernel read-only data: 14336k
[   36.144135] Freeing unused kernel memory: 1700K
[   36.152156] Freeing unused kernel memory: 104K
Loading, please wait...
starting version 229
[   36.216349] random: systemd-udevd: uninitialized urandom read (16 bytes read, 3 bits of entropy available)
[   36.216789] random: udevadm: uninitialized urandom read (16 bytes read, 3 bits of entropy available)
[   36.216815] random: udevadm: uninitialized urandom read (16 bytes read, 3 bits of entropy available)
[   36.221648] random: systemd-udevd: uninitialized urandom read (16 bytes read, 3 bits of entropy available)
[   36.223401] random: systemd-udevd: uninitialized urandom read (16 bytes read, 3 bits of entropy available)
[   36.225201] random: systemd-udevd: uninitialized urandom read (16 bytes read, 3 bits of entropy available)
[   36.227791] random: systemd-udevd: uninitialized urandom read (16 bytes read, 3 bits of entropy available)
[   36.229162] random: udevadm: uninitialized urandom read (16 bytes read, 3 bits of entropy available)
[   36.229211] random: udevadm: uninitialized urandom read (16 bytes read, 3 bits of entropy available)
[   36.229389] random: udevadm: uninitialized urandom read (16 bytes read, 3 bits of entropy available)
[   36.281726] e1000: Intel(R) PRO/1000 Network Driver - version 7.3.21-k8-NAPI
[   36.282952] e1000: Copyright (c) 1999-2006 Intel Corporation.
[   36.287849] Fusion MPT base driver 3.04.20
[   36.288727] Copyright (c) 1999-2008 LSI Corporation
[   36.303347] Fusion MPT SPI Host driver 3.04.20
[   36.516236] input: ImExPS/2 Generic Explorer Mouse as /devices/platform/i8042/serio1/input/input4
[   36.642812] e1000 0000:00:03.0 eth0: (PCI:33MHz:32-bit) 02:53:17:3c:de:80
[   36.721721] e1000 0000:00:03.0 eth0: Intel(R) PRO/1000 Network Connection
[   36.792409] mptbase: ioc0: Initiating bringup
[   37.064278] ioc0: LSI53C1030 A0: Capabilities={Initiator}
[   37.847353] scsi host2: ioc0: LSI53C1030 A0, FwRev=00000000h, Ports=1, MaxQ=256, IRQ=20
[   38.111635] scsi 2:0:0:0: Direct-Access     VBOX     HARDDISK         1.0  PQ: 0 ANSI: 5
[   38.122317] scsi target2:0:0: Beginning Domain Validation
[   38.123736] scsi target2:0:0: Domain Validation skipping write tests
[   38.125669] scsi target2:0:0: Ending Domain Validation
[   38.131941] scsi target2:0:0: asynchronous
[   38.133949] scsi 2:0:1:0: Direct-Access     VBOX     HARDDISK         1.0  PQ: 0 ANSI: 5
[   38.135128] scsi target2:0:1: Beginning Domain Validation
[   38.136710] scsi target2:0:1: Domain Validation skipping write tests
[   38.138749] scsi target2:0:1: Ending Domain Validation
[   38.139598] scsi target2:0:1: asynchronous
[   38.156747] sd 2:0:0:0: [sda] 20971520 512-byte logical blocks: (10.7 GB/10.0 GiB)
[   38.159227] sd 2:0:0:0: [sda] Write Protect is off
[   38.171830] sd 2:0:0:0: Attached scsi generic sg0 type 0
[   38.173990] sd 2:0:1:0: [sdb] 20480 512-byte logical blocks: (10.5 MB/10.0 MiB)
[   38.175350] sd 2:0:1:0: [sdb] Write Protect is off
[   38.176237] sd 2:0:1:0: [sdb] Incomplete mode parameter data
[   38.178166] sd 2:0:1:0: [sdb] Assuming drive cache: write through
[   38.179202] sd 2:0:1:0: Attached scsi generic sg1 type 0
[   38.180523] sd 2:0:0:0: [sda] Incomplete mode parameter data
[   38.182667] sd 2:0:0:0: [sda] Assuming drive cache: write through
[   38.217762]  sda: sda1
[   38.218931] sd 2:0:0:0: [sda] Attached SCSI disk
[   38.230262] sd 2:0:1:0: [sdb] Attached SCSI disk
[   38.446768] e1000 0000:00:08.0 eth1: (PCI:33MHz:32-bit) 08:00:27:88:d5:b6
[   38.641714] e1000 0000:00:08.0 eth1: Intel(R) PRO/1000 Network Connection
[   38.853016] e1000 0000:00:03.0 enp0s3: renamed from eth0
[   38.864241] e1000 0000:00:08.0 enp0s8: renamed from eth1
[   39.296258] floppy0: no floppy controllers found
Begin: Loading essential drivers ... [   40.677353] md: linear personality registered for level -1
[   40.684728] md: multipath personality registered for level -4
[   40.835183] md: raid0 personality registered for level 0
[   41.005219] md: raid1 personality registered for level 1
[   41.232078] raid6: sse2x1   gen()  9836 MB/s
[   41.344079] raid6: sse2x1   xor()  7660 MB/s
[   41.464077] raid6: sse2x2   gen() 12576 MB/s
[   41.568078] raid6: sse2x2   xor()  8355 MB/s
[   41.648068] raid6: sse2x4   gen() 14455 MB/s
[   41.764079] raid6: sse2x4   xor() 10102 MB/s
[   41.782602] raid6: using algorithm sse2x4 gen() 14455 MB/s
[   41.783347] raid6: .... xor() 10102 MB/s, rmw enabled
[   41.784054] raid6: using ssse3x2 recovery algorithm
[   41.787118] xor: measuring software checksum speed
[   41.884419]    prefetch64-sse: 53243.000 MB/sec
[   42.031324]    generic_sse: 34470.000 MB/sec
[   42.161659] xor: using function: prefetch64-sse (53243.000 MB/sec)
[   42.343133] async_tx: api initialized (async)
[   42.364339] md: raid6 personality registered for level 6
[   42.521704] md: raid5 personality registered for level 5
[   42.641679] md: raid4 personality registered for level 4
[   42.807801] md: raid10 personality registered for level 10
done.
Begin: Running /scripts/init-premount ... done.
Begin: M[   42.971088] Btrfs loaded
ounting root file system ... Begin: Running /scripts/local-top ... done.
Begin: Running /scripts/local-premount ... Scanning for Btrfs filesystems
done.
Warning: fsck no[   43.052683] EXT4-fs (sda1): INFO: recovery required on readonly filesystem
t present, so skipping root file system
[   43.058993] EXT4-fs (sda1): write access will be enabled during recovery
[   43.142111] EXT4-fs (sda1): orphan cleanup on readonly fs
[   43.282874] EXT4-fs (sda1): 6 orphan inodes deleted
[   43.283569] EXT4-fs (sda1): recovery complete
[   43.284641] EXT4-fs (sda1): mounted filesystem with ordered data mode. Opts: (null)
done.
Begin: Running /scripts/local-bottom ... done.
Begin: Running /scripts/init-bottom ... done.
[   43.889666] random: nonblocking pool is initialized
[   44.224962] systemd[1]: systemd 229 running in system mode. (+PAM +AUDIT +SELINUX +IMA +APPARMOR +SMACK +SYSVINIT +UTMP +LIBCRYPTSETUP +GCRYPT +GNUTLS +ACL +XZ -LZ4 +SECCOMP +BLKID +ELFUTILS +KMOD -IDN)
[   44.234717] systemd[1]: Detected virtualization oracle.
[   44.235451] systemd[1]: Detected architecture x86-64.

Welcome to [1mUbuntu 16.04.3 LTS[0m!

[ 44328952] systemd[1]: Set hostname to <ubuntu-xenial>.
[   45.647486] systemd[1]: Reached target Encrypted Volumes.
[[0;32m  OK  [0m] Reached target Encrypted Volumes.
[  45.763 ste[1: Create sceysemSle.
[[0;32m  OK  [0m] Created slice System Slice.
[   6.36341] systemd[1]: Listening on LVM2 metadata daemon socket.
[[0;32m  OK  [0m] Listening on LVM2 metadata daemon socket.
[   46.397066] systemd[1]: Set up automount Arbitrary Executable File Formats File System Automount Point.
[[0;32m  OK  [0m] Set up automount Arbitrary Executab...ats File System Automount Point.
[   46.401610] systemd[1]: Listening on udev Kernel Socket.
[[0;32m  OK  [0m] Listening on udev Kernel Socket.
[   46.403576] systemd[1]: Listening on Device-mapper event daemon FIFOs.
[[0;32m  OK  [0m] Listening on Device-mapper event daemon FIFOs.
[   464492 systed[]:isnig on /dev/initctl mpatibli NedPi.
[[0;32m  OK  [0m] Listening on /dev/initctl Compatibility Named Pipe.
[  40871syte[1 Ltening on Jouraloct.
[[0;32m  OK  [0m] Listening on Journal Socket.
[   47.604203] systemd[1]: Mounting Huge Pages File System...
         Mounting Huge Pages File System...
[   47.776297] systemd[1]: Starting Monitoring of LVM2 mirrors, snapshots etc. using dmeventd or progress polling...
         Starting Monitoring of LVM2 mirrors... dmeventd or progress polling...
[   47.860257] systemd[1]: Mounting Debug File System...
         Mounting Debug File System...
[   47.920841] systemd[1]: Mounting POSIX Message Queue File System...
         Mounting POSIX Message Queue File System...
[   48.032237] systemd[1]: Starting Uncomplicated firewall...
         Starting Uncomplicated firewall...
[   48.202818] systemd[1]: Listening on udev Control Socket.
[[0;32m  OK  [0m] Listening on udev Control Socket.
[   48.340223] systemd[1]: Starting Nameserver information manager...
         Starting Nameserver information manager...
[   48.380235] systemd[1]: Starting Create list of required static device nodes for the current kernel...
         Starting Create list of required st... nodes for the current kernel...
[   48.384522] systemd[1]: Started Trigger resolvconf update for networkd DNS.
[[0;32m  OK  [0m] Started Trigger resolvconf update for networkd DNS.
[   48.386769] systemd[1]: Reached target Swap.
[[0;32m  OK  [0m] Reached target Swap.
[   48.396102] systemd[1]: Listening on Syslog Socket.
[[0;32m  OK  [0m] Listening on Syslog Socket.
[   48.420296] systemd[1]: Starting Remount Root and Kernel File Systems...
         Starting Remount Root and Kernel File Systems...
[   48.424930] systemd[1]: Starting Set console keymap...
         Starting Set console keymap...
[   48.430160] systemd[1]: Created slice system-serial\x2dgetty.slice.
[[0;32m  OK  [0m] Created slice system-serial\x2dgetty.slice.
[   48.433053] systemd[1]: Listening on Journal Audit Socket.
[[0;32m  OK  [0m] Listening on Journal Audit Socket.
[   48.435161] systemd[1]: Reached target User and Group Name Lookups.
[[0;32m  OK  [0m] Reached target User and Group Name Lookups.
[   48.437538] systemd[1]: Listening on LVM2 poll daemon socket.
[[0;32m  OK  [0m] Listening on LVM2 poll daemon socket.
[   48.440005] systemd[1]: Created slice User and Session Slice.
[[0;32m  OK  [0m] Created slice User and Session Slice.[   48.444420] EXT4-fs (sda1): re-mounted. Opts: (null)

[   48.448889] systemd[1]: Reached target Slices.
[[0;32m  OK  [0m] Reached target Slices.
[   48.452553] systemd[1]: Listening on Journal Socket (/dev/log).
[[0;32m  OK  [0m] Listening on Journal Socket (/dev/log).
[   48.504290] systemd[1]: Starting Journal Service...
         Starting Journal Service...
[   48.546333] systemd[1]: Started Forward Password Requests to Wall Directory Watch.
[[0;32m  OK  [0m] Started Forward Password Requests to Wall Directory Watch.
[   48.624261] systemd[1]: Starting Load Kernel Modules...
         Starting Load Kernel Modules...
[   48.645916] system1]Moted Huge Pages File System.
[[0;32m  OK  [0m] Mounted Huge Pages File System.
[   48.861270] systemd[1]: Mounted Debug File System.
[   48.971919] Loading iSSIrapo css2.87
[[0;32m  OK  [0m] Mounted Debug File System.
[   49.332256] systemd[1]: Mounted POSIX Message Queue File System.
[[0;32m  OK  [0m] Mounted POSIX Message Queue File System.
[   49.349787] systemd[1]: Started Journal Service.
[[0;32m  OK  [0m] Started Journal Service.
[[0;32m  OK  [0m] Started Uncomplicated firewall.
[[0;32m  OK  [0m] Started Create l[   49.367097] iscsi: registered transport (tcp)
ist of required sta...ce nodes for the current kernel.
[[0;32m  OK  [0m] Started Remount Root and Kernel File Systems.
[[0;32m  OK  [0m] Started Set console keymap.
[[0;32m  OK  [0m] Started Nameserver information manager.
[[0;32m  OK  [0m] Started LVM2 metadata daemon.
         Starting Initial cloud-init job (pre-networking)...
         Starting Load/Save Random Seed...
         Starting udev Coldplug all Devices...
         Starting Create Static Device Nodes in /dev...
         Starting Flush Journal to Persistent Storage...
[[0;32m  OK  [0m] Started Load/Save Random Seed.
[   49.683561] systemd-journald[390]: Received request to flush runtime journal from PID 1

[[0;32m  OK  [0m] Started Flush Journal to Persistent Storage.
[[0;32m  OK  [0m] Started udev Coldplug all Devices.
[[0;32m  OK  [0m] Started Monitoring of LVM2 mirrors,...ng dmeventd or progress polling.
[   50.216909] iscsi: registered transport (iser)
[[0;32m  OK  [0m] Started Create Static Device Nodes in /dev.
[[0;32m  OK  [0m] Started Load Kernel Modules.
         Mounting FUSE Control File System...
         Starting Apply Kernel Variables...
         Starting udev Kernel Device Manager...
[[0;32m  OK  [0m] Mounted FUSE Control File System.
[[0;32m  OK  [0m] Started Apply Kernel Variables.
[[0;32m  OK  [0m] Started udev Kernel Device Manager.
[[0;32m  OK  [0m] Started Dispatch Password Requests to Console Directory Watch.
[[0;32m  OK  [0m] Reached target Local File Systems (Pre).
[[0;32m  OK  [0m] Reached target Local File Systems.
         Starting Create Volatile Files and Directories...
         Starting Set console font and keymap...
         Starting LSB: AppArmor initialization...
         Starting Tell Plymouth To Write Out Runtime Data...
[[0;32m  OK  [0m] Started Create Volatile Files and Directories.
         Starting Update UTMP about System Boot/Shutdown...
[[0;32m  OK  [0m] Reached target System Time Synchronized.
[[0;32m  OK  [0m] Started Tell Plymouth To Write Out Runtime Data.
[[0;32m  OK  [0m] Found device /dev/ttyS0.
[[0;32m  OK  [0m] Started Update UTMP about System Boot/Shutdown.
[[0;32m  OK  [0m] Found device 82540EM Gigabit Ethern...r (PRO/1000 MT Desktop Adapter).
[[0;32m  OK  [0m] Found device 82540EM Gigabit Ethern...r (PRO/1000 MT Desktop Adapter).
[[0;32m  OK  [0m] Started Set console font and keymap.
[[0;32m  OK  [0m] Created slice system-getty.slice.
[[0;32m  OK  [0m] Listening on Load/Save RF Kill Switch Status /dev/rfkill Watch.
[[0;32m  OK  [0m] Started LSB: AppArmor initialization.
[   31.033234] cloud-init[414]: Cloud-init v. 0.7.9 running 'init-local' at Mon, 12 Mar 2018 08:10:29 +0000. Up 30.50 seconds.
[[0;32m  OK  [0m] Started Initial cloud-init job (pre-networking).
[[0;32m  OK  [0m] Reached target Network (Pre).
[[0;32m  OK  [0m] Started ifup for enp0s8.
         Starting Raise network interfaces...
[[0;32m  OK  [0m] Started ifup for enp0s3.
[[0;32m  OK  [0m] Started Raise network interfaces.
         Starting Initial cloud-init job (metadata service crawler)...
[[0;32m  OK  [0m] Reached target Network.
[   33.036931] cloud-init[1044]: Cloud-init v. 0.7.9 running 'init' at Mon, 12 Mar 2018 08:10:30 +0000. Up 31.88 seconds.
[[0;32m  OK  [0m] Started Initial cloud-init job (metadata service crawler).
[   33.117949] cloud-init[1044]: ci-info: ++++++++++++++++++++++++++++++++++++++Net device info++++++++++++++++++++++++++++++++++++++
[   33.129559] [cloud-init[0;32m  OK  [0m[1044]: ] ci-info: +--------+------+-----------------------------+---------------+-------+-------------------+Reached target Cloud-config availability.

[[0;32m  OK  [0m] Reached target Network is Online.
[   33.129862] cloud-init[1044]: ci-info: | Device |  Up  |           Address           |      Mask     | Scope |     Hw-Address    |
[   33.227003] cloud-init[1044]: ci-info: +--------+------+-----------------------------+---------------+-------+-------------------+
[   33.229156] cloud-init[1044]: ci-info: | enp0s8 | True |        192.168.33.10        | 255.255.255.0 |   .   | 08:00:27:88:d5:b6 |
[   33.233259] cloud-init[1044]: ci-info: | enp0s8 | True | fe80::a00:27ff:fe88:d5b6/64 |       .       |  link | 08:00:27:88:d5:b6 |
[   33.243556] cloud-init[1044]: ci-info: | enp0s3 | True |          10.0.2.15          | 255.255.255.0 |   .   | 02:53:17:3c:de:80 |
         Starting iSCSI initiator daemon (iscsid)...
[   33.250370] cloud-init[1044]: ci-info: | enp0s3 | True |  fe80::53:17ff:fe3c:de80/64 |       .       |  link | 02:53:17:3c:de:80 |
[   33.253926] cloud-init[1044]: ci-info: |   lo   | True |          127.0.0.1          |   255.0.0.0   |   .   |         .         |
[   33.254003] cloud-init[1044]: ci-info: |   lo   | True |           ::1/128           |       .       |  host |         .         |
[   33.254070] cloud-init[1044]: ci-info: +--------+------+-----------------------------+---------------+-------+-------------------+
[   33.254127] cloud-init[1044]: ci-info: ++++++++++++++++++++++++++++Route IPv4 info++++++++++++++++++++++++++++
[   33.254186] cloud-init[1044]: ci-info: +-------+--------------+----------+---------------+-----------+-------+
[   33.254244] cloud-init[1044]: ci-info: | Route | Destination  | Gateway  |    Genmask    | Interface | Flags |
[   33.254301] cloud-init[1044]: ci-info: +-------+--------------+----------+---------------+-----------+-------+
[   33.254357] cloud-init[1044]: ci-info: |   0   |   0.0.0.0    | 10.0.2.2 |    0.0.0.0    |   enp0s3  |   UG  |
[   33.254413] cloud-init[1044]: ci-info: |   1   |   10.0.2.0   | 0.0.0.0  | 255.255.255.0 |   enp0s3  |   U   |
[   33.254469] cloud-init[1044]: ci-info: |   2   | 192.168.33.0 | 0.0.0.0  | 255.255.255.0 |   enp0s8  |   U   |
[   33.254529] cloud-init[1044]: ci-info: +-------+--------------+----------+---------------+-----------+-------+
[[0;32m  OK  [0m] Reached target System Initialization.
         Starting Socket activation for snappy daemon.
[[0;32m  OK  [0m] Listening on D-Bus System Message Bus Socket.
[[0;32m  OK  [0m] Started Timer to automatically refresh installed snaps.
         Starting LXD - unix socket.
[[0;32m  OK  [0m] Listening on UUID daemon activation socket.
[[0;32m  OK  [0m] Started ACPI Events Check.
[[0;32m  OK  [0m] Reached target Paths.
[[0;32m  OK  [0m] Listening on ACPID Listen Socket.
[[0;32m  OK  [0m] Started Daily Cleanup of Temporary Directories.
[[0;32m  OK  [0m] Started Daily apt download activities.
[[0;32m  OK  [0m] Started Daily apt upgrade and clean activities.
[[0;32m  OK  [0m] Reached target Timers.
[[0;32m  OK  [0m] Listening on Socket activation for snappy daemon.
[[0;32m  OK  [0m] Listening on LXD - unix socket.
[[0;32m  OK  [0m] Reached target Sockets.
[[0;32m  OK  [0m] Reached target Basic System.
[[0;32m  OK  [0m] Started FUSE filesystem for LXC.
         Starting MySQL Community Server...
         Starting A high performance web server and a reverse proxy server...
         Starting Accounts Service...
         Starting LSB: Record successful boot for GRUB...
[[0;32m  OK  [0m] Started ACPI event daemon.
[[0;32m  OK  [0m] Started Regular background program processing daemon.
         Starting System Logging Service...
         Starting OpenBSD Secure Shell server...
[[0;32m  OK  [0m] Started Deferred execution scheduler.
         Starting LSB: MD monitoring daemon...
         Starting /etc/rc.local Compatibility...
         Starting Snappy daemon...
         Starting LXD - container startup/shutdown...
         Starting Apply the settings specified in cloud-config...
[[0;32m  OK  [0m] Started Unattended Upgrades Shutdown.
         Starting The PHP 7.0 FastCGI Process Manager...
[[0;32m  OK  [0m] Started D-Bus System Message Bus.
[   35.285034] cloud-init[1155]: Cloud-init v. 0.7.9 running 'modules:config' at Mon, 12 Mar 2018 08:10:33 +0000. Up 34.37 seconds.
         Starting Login Service...
[[0;32m  OK  [0m] Started System Logging Service.
[[0;32m  OK  [0m] Started iSCSI initiator daemon (iscsid).
[[0;32m  OK  [0m] Started /etc/rc.local Compatibility.
[[0;32m  OK  [0m] Started Apply the settings specified in cloud-config.
         Starting Login to default iSCSI targets...
[[0;32m  OK  [0m] Started LSB: Record successful boot for GRUB.
[[0;32m  OK  [0m] Started Login Service.
[[0;32m  OK  [0m] Started Login to default iSCSI targets.
[[0;32m  OK  [0m] Reached target Remote File Systems (Pre).
[[0;32m  OK  [0m] Reached target Remote File Systems.
         Starting LSB: daemon to balance interrupts for SMP systems...
         Starting LSB: VirtualBox Linux Additions...
         Starting LSB: automatic crash report generation...
         Starting Permit User Sessions...
         Starting LSB: Set the CPU Frequency Scaling governor to "ondemand"...
         Starting Authenticate and Authorize Users to Run Privileged Tasks...
[[0;32m  OK  [0m] Started LSB: Set the CPU Frequency Scaling governor to "ondemand".
[[0;32m  OK  [0m] Started Permit User Sessions.
         Starting Hold until boot process finishes up...
         Starting Terminate Plymouth Boot Screen...
[[0;32m  OK  [0m] Started LSB: MD monitoring daemon.
[[0;32m  OK  [0m] Started Hold until boot process finishes up.
[[0;32m  OK  [0m] Started Terminate Plymouth Boot Screen.
[[0;32m  OK  [0m] Started LSB: daemon to balance interrupts for SMP systems.
[[0;32m  OK  [0m] Started OpenBSD Secure Shell server.
[[0;32m  OK  [0m] Started Serial Getty on ttyS0.
         Starting Set console scheme...
[[0;32m  OK  [0m] Started Getty on tty1.
[[0;32m  OK  [0m] Reached target Login Prompts.
[[0;32m  OK  [0m] Started Set console scheme.
[[0;32m  OK  [0m] Started LSB: automatic crash report generation.
[[0;32m  OK  [0m] Started Authenticate and Authorize Users to Run Privileged Tasks.
[[0;32m  OK  [0m] Started Accounts Service.
[[0;32m  OK  [0m] Started A high performance web server and a reverse proxy server.
[[0;32m  OK  [0m] Started LSB: VirtualBox Linux Additions.
[[0;32m  OK  [0m] Started Snappy daemon.
[[0;32m  OK  [0m] Started LXD - container startup/shutdown.
[[0;32m  OK  [0m] Created slice User Slice of ubuntu.
         Starting User Manager for UID 1000...
[[0;32m  OK  [0m] Started Session 1 of user ubuntu.
[[0;32m  OK  [0m] Started User Manager for UID 1000.

Ubuntu 16.04.3 LTS ubuntu-xenial ttyS0

ubuntu-xenial login: [   49.374572] cloud-init[1685]: Cloud-init v. 0.7.9 running 'modules:final' at Mon, 12 Mar 2018 08:10:48 +0000. Up 49.19 seconds.
[   49.374875] cloud-init[1685]: Cloud-init v. 0.7.9 finished at Mon, 12 Mar 2018 08:10:48 +0000. Datasource DataSourceNoCloud [seed=/dev/sdb][dsmode=net].  Up 49.36 seconds
