[    0.000000] Initializing cgroup subsys cpuset
[    0.000000] Initializing cgroup subsys cpu
[    0.000000] Initializing cgroup subsys cpuacct
[    0.000000] Linux version 4.4.0-98-generic (buildd@lcy01-03) (gcc version 5.4.0 20160609 (Ubuntu 5.4.0-6ubuntu1~16.04.4) ) #121-Ubuntu SMP Tue Oct 10 14:24:03 UTC 2017 (Ubuntu 4.4.0-98.121-generic 4.4.90)
[    0.000000] Command line: BOOT_IMAGE=/boot/vmlinuz-4.4.0-98-generic root=LABEL=cloudimg-rootfs ro console=tty1 console=ttyS0
[    0.000000] KERNEL supported cpus:
[    0.000000]   Intel GenuineIntel
[    0.000000]   AMD AuthenticAMD
[    0.000000]   Centaur CentaurHauls
[    0.000000] x86/fpu: Supporting XSAVE feature 0x01: 'x87 floating point registers'
[    0.000000] x86/fpu: Supporting XSAVE feature 0x02: 'SSE registers'
[    0.000000] x86/fpu: Enabled xstate features 0x3, context size is 576 bytes, using 'standard' format.
[    0.000000] x86/fpu: Using 'lazy' FPU context switches.
[    0.000000] e820: BIOS-provided physical RAM map:
[    0.000000] BIOS-e820: [mem 0x0000000000000000-0x000000000009fbff] usable
[    0.000000] BIOS-e820: [mem 0x000000000009fc00-0x000000000009ffff] reserved
[    0.000000] BIOS-e820: [mem 0x00000000000f0000-0x00000000000fffff] reserved
[    0.000000] BIOS-e820: [mem 0x0000000000100000-0x000000003ffeffff] usable
[    0.000000] BIOS-e820: [mem 0x000000003fff0000-0x000000003fffffff] ACPI data
[    0.000000] BIOS-e820: [mem 0x00000000fffc0000-0x00000000ffffffff] rseed
[    0.000000] NX (Execute Disable) protection: active
[    0.000000] SMBIOS 2.5 present.
[    0.000000] Hypervisor detected: KVM
[    0.000000] e820: last_pfn = 03f0 ax_arch_pfn = 0x400000000
[    0.000000] MTRR: Disabled
[    0.000000] x86/PAT: MTRRs disabled, skipping PAT initialization too.
[    0.000000] CPU MTRRs all blank - virtualizd stm.
[    0.000000] x86/PAT: Configuration [0-7]: WB  WT  UC- UC  WB  WT  UC- UC  
[    0.000000] found SMP MP-table at [mem 0x0009fff0-0x0009ffff] mapped at [ffff88000009fff0]
[    0.000000] Scanning 1 areas for low memory corruption
[    0.000000] RAMDISK: [mem 0x36acc000-0x3755dfff]
[    0.000000] ACPI: Early table checksum verification disabled
[    0.000000] ACPI: RSDP 0x00000000000E0000 000024 (v02 VBOX  )
[    0.000000] ACPI: XSDT 0x000000003FFF0030 00003C (v01 VBOX   VBOXXSDT 00000001 ASL  00000061)
[    0.000000] ACPI: FACP 0x000000003FFF00F0 0000F4 (v04 VBOX   VBOXFACP 00000001 ASL  00000061)
[    0.000000] ACPI: DSDT 0x000000003FFF0470 002118 (v01 VBOX   VBOXBIOS 00000002 INTL 20160108)
[    0.000000] ACPI: FACS 0x000000003FFF0200 000040
[    0.000000] ACPI: FACS 0x000000003FFF0200 000040
[    0.000000] ACPI: APIC 0x000000003FFF0240 00005C (v02 VBOX   VBOXAPIC 00000001 ASL  00000061)
[    0.000000] ACPI: SSDT 0x000000003FFF02A0 0001CC (v01 VBOX   VBOXCPUT 00000002 INTL 20160108)
[    0.000000] No NUMA configuration found
[    0.000000] Faking a node at [mem 0x0000000000000000-0x000000003ffeffff]
[    0.000000] NODE_DATA(0) allocated [mem 0x3ffeb000-0x3ffeffff]
[    0.000000] kvm-clock: Using msrs 4b564d01 and 4b564d00
[    0.000000] kvm-clock: cpu 0, msr 0:3ffe3001, primary cpu clock
[    0.000000] kvm-clock: using sched offset of 3174302972 cycles
[    0.000000] clocksource: kvm-clock: mask: 0xffffffffffffffff max_cycles: 0x1cd42e4dffb, max_idle_ns: 881590591483 ns
[    0.000000] Zone ranges:
[    0.000000]   DMA      [mem 0x0000000000001000-0x0000000000ffffff]
[    0.000000]   DMA32    [mem 0x0000000001000000-0x000000003ffeffff]
[    0.000000]   Normal   empty
[    0.000000]   Device   empty
[    0.000000] Movable zone start for each node
[    0.000000] Early memory node ranges
[    0.000000]   node   0: [mem 0x0000000000001000-0x000000000009efff]
[    0.000000]   node   0: [mem 0x0000000000100000-0x000000003ffeffff]
[    0.000000] Initmem setup node 0 [mem 0x0000000000001000-0x000000003ffeffff]
[    0.000000] ACPI: PM-Timer IO Port: 0x4008
[    0.000000] IOAPIC[0]: apic_id 2, version 17, address 0xfec00000, GSI 0-23
[    0.000000] ACPI: INT_SRC_OVR (bus 0 bus_irq 0 global_irq 2 dfl dfl)
[    0.000000] ACPI: INT_SRC_OVR (bus 0 bus_irq 9 global_irq 9 high level)
[    0.000000] Using ACPI (MADT) for SMP configuration information
[    0.000000] smpboot: Allowing 2 CPUs, 0 otugCPUs
[    0.000000] PM: Registered nosave memory: [mem 0x00000000-0x00000fff]
[    0.000000] PM: Registered nosave memory: [mem 0x0009f000-0x0009ffff]
[    0.000000] PM: Registered nosave memory: [mem 0x000a0000-0x000effff]
[    0.000000] PM: Registered nosave memory: [mem 0x000f0000-0x000fffff]
[    0.000000] e820: [mem 0x40000000-0xfffbffff] available for PCI devices
[    0.000000] Booting paravirtualized kernel on KVM
[    0.000000] clocksource: refined-jiffies: mask: 0xffffffff max_cycles: 0xffffffff, max_idle_ns: 7645519600211568 ns
[    0.000000] setup_percpu: NR_CPUS:512 nr_cpumask_bits:512 nr_cpu_id2 r_node_ids:1
[    0.000000] PERCPU: Embedded 34 pages/cpu @ffff88003fc00000 s98328 r8192 d32744 u1048576
[    0.000000] PV qspinlock hash table entries: 256 (order: 0, 4096 bytes)
[    0.000000] Built 1 zonelists in Node order, mobility grouping on.  Total pages: 257913
[    0.000000] Policy zone: DMA32
[    0.000000] Kernel command line: BOOT_IMAGE=/boot/vmlinuz-4.4.0-98-generic root=LABEL=cloudimg-rootfs ro console=tty1 console=ttyS0
[    0.000000] PID hash table entries: 4096 (order: 3, 32768 bytes)
[    0.000000] Memory: 1001740K/1048120K available (8484K kernel code, 1294K rwdata, 3988K rodata, 1492K init, 1316K bss, 46380K reserved, 0K cma-reserved)
[    0.000000] SLUB: HWalign=64, Order=0-3, MinObjects=0, CPUs=2, Nodes=1
[    0.00000] ierarcic RU imlentti.    0.0000	Buid-meadjustenof leaf no to 64
  0.0000	RU retrtig CPUsfr N_CPUS=12o r_u_s=.
[  000000]RC Ajustin gmery for rcu_fanout_leaf=64, nr_cpu_ids=2
[    0.000000] NR_IRQS:33024 nr_irqs:440 16
[    0.000000] Console: colour VGA+ 80x25
[    0.000000] console [tty1] enabled
[    0.000000] console [ttyS0] enabled
[    0.000000] tsc: Detected 3092.900 MHz processor
[    1.378113] Calibrating delay loop (skipped) preset value.. 6185.80 BogoMIPS (lpj=12371600)
[    1.379420] pid_max: default: 32768 minimum: 301
[    1.380113] ACPI: Core revision 20150930
[    1.411896] ACPI: 2 ACPI AML tables successfully acquired and loaded
[    1.543648] Security Framework initialized
[    1.626119] Yama: becoming mindful.
[    1.699018] AppArmor: AppArmor initialized
[    1.787115] Dentry cache hash table entries: 131072 (order: 8, 1048576 bytes)
[    1.835749] Inode-cache hash table entries: 65536 (order: 7, 524288 bytes)
[    1.915800] Mount-cache hash table entries: 2048 (order: 2, 16384 bytes)
[    1.965979] Mountpoint-cache hash table entries: 2048 (order: 2, 16384 bytes)
[    1.999687] Initializing cgroup subsys io
[    2.086279] Initializing cgroup subsys memory
[    2.113086] Initializing cgroup subsys devices
[    2.203300] Initializing cgroup subsys freezer
[    2.253973] Initializing cgroup subsys net_cls
[    2.331712] Initializing cgroup subsys perf_event
[    2.429982] Initializing cgroup subsys net_prio
[    2.520137] Initializing cgroup subsys hugetlb
[    2.615648] Initializing cgroup subsys pids
[    2.677875] CPU: Physical Processor ID: 0
[    2.763061] CPU: Processor Core ID: 0
[    2.843852] mce: CPU supports 0 MCE banks
[    2.927334] Last level iTLB entries: 4KB 1024, 2MB 1024, 4MB 1024
[    3.046501] Last level dTLB entries: 4KB 1024, 2MB 1024, 4MB 1024, 1GB 4
[    3.057811] Freeing SMP alternatives memory: 32K
[    3.164693] ftrace: allocating 32154 entries in 126 pages
[    3.205194] smpboot: APIC(0) Converting physical 0 to logical package 0
[    3.330374] smpboot: Max logical packages: 1
[    3.413691] ..TIMER: vector=0x30 apic1=0 pin1=2 apic2=-1 pin2=-1
[    3.529448] smpboot: CPU0: Intel(R) Pentium(R) CPU G3240 @ 3.10GHz (family: 0x6, model: 0x3c, stepping: 0x3)
[    3.550359] Performance Events: unsupported p6 CPU model 60 no PMU driver, software events only.
[    3.557751] KVM setup paravirtual spinlock
[    3.559056] x86: Booting SMP configuration:
[    3.563981] .... node  #0, CPUs:      #1
[    3.578310] kvm-clock: cpu 1, msr 0:3ffe3041, secondary cpu clock
[    3.593473] mce: CPU supports 0 MCE banks
[    3.600555] x86: Booted up 1 node, 2 CPUs
[    3.601581] smpboot: Total of 2 processors activated (12371.60 BogoMIPS)
[    3.610104] devtmpfs: initialized
[    3.616194] evm: security.selinux
[    3.622745] evm: security.SMACK64
[    3.630810] evm: security.SMACK64EXEC
[    3.631396] evm: security.SMACK64TRANSMUTE
[    3.632027] evm: security.SMACK64MMAP
[    3.632611] evm: security.ima
[    3.633132] evm: security.capability
[    3.641110] clocksource: jiffies: mask: 0xffffffff max_cycles: 0xffffffff, max_idle_ns: 7645041785100000 ns
[    3.647367] futex hash table entries: 512 (order: 3, 32768 bytes)
[    3.650568] pinctrl core: initialized pinctrl subsystem
[    3.662235] RTC time: 12:03:47, date: 01/31/18
[    3.663466] NET: Registered protocol family 16
[    3.685743] cpuidle: using governor ladder
[    3.705913] cpuidle: using governor menu
[    3.730120] PCCT header not found.
[    3.738018] ACPI: bus type PCI registered
[    3.745857] acpiphp: ACPI Hot Plug PCI Controller Driver version: 0.5
[    3.755885] PCI: Using configuration type 1 for base access
[    3.766823] ACPI: Added _OSI(Module Device)
[    3.781132] ACPI: Added _OSI(Processor Device)
[    3.800534] ACPI: Added _OSI(3.0 _SCP Extensions)
[    3.801226] ACPI: Added _OSI(Processor Aggregator Device)
[    3.808798] ACPI: Executed 1 blocks of module-level executable AML code
[    3.817135] ACPI: Interpreter enabled
[    3.821629] ACPI: (supports S0 S5)
[    3.822477] ACPI: Using IOAPIC for interrupt routing
[    3.855669] PCI: Using host bridge windows from ACPI; if necessary, use "pci=nocrs" and report a bug
[    3.863917] ACPI: PCI Root Bridge [PCI0] (domain 0000 [bus 00-ff])
[    3.893291] acpi PNP0A03:00: _OSC: OS supports [ASPM ClockPM Segments MSI]
[    3.909873] acpi PNP0A03:00: _OSC failed (AE_NOT_FOUND); disabling ASPM
[    3.937982] acpi PNP0A03:00: fail to add MMCONFIG information, can't access extended PCI configuration space under this bridge.
[    3.963075] PCI host bridge to bus 0000:00
[    3.963731] pci_bus 0000:00: root bus resource [io  0x0000-0x0cf7 window]
[    3.964628] pci_bus 0000:00: root bus resource [io  0x0d00-0xffff window]
[    3.965517] pci_bus 0000:00: root bus resource [mem 0x000a0000-0x000bffff window]
[    3.967291] pci_bus 0000:00: root bus resource [mem 0x40000000-0xffdfffff window]
[    3.982666] pci_bus 0000:00: root bus resource [bus 00-ff]
[    3.986235] pci 0000:00:01.1: legacy IDE quirk: reg 0x10: [io  0x01f0-0x01f7]
[    3.999167] pci 0000:00:01.1: legacy IDE quirk: reg 0x14: [io  0x03f6]
[    4.000035] pci 0000:00:01.1: legacy IDE quirk: reg 0x18: [io  0x0170-0x0177]
[    4.000964] pci 0000:00:01.1: legacy IDE quirk: reg 0x1c: [io  0x0376]
[    4.045265] ACPI: PCI Interrupt Link [LNKA] (IRQs 5 9 10 11) *0, disabled.
[    4.089132] ACPI: PCI Interrupt Link [LNKB] (IRQs 5 9 10 *11)
[    4.110678] ACPI: PCI Interrupt Link [LNKC] (IRQs 5 9 *10 11)
[    4.114888] ACPI: PCI Interrupt Link [LNKD] (IRQs 5 *9 10 11)
[    4.116095] ACPI: Enabled 2 GPEs in block 00 to 07
[    4.123402] vgaarb: setting as boot device: PCI:0000:00:02.0
[    4.148422] vgaarb: device added: PCI:0000:00:02.0,decodes=io+mem,owns=io+mem,locks=none
[    4.149652] vgaarb: loaded
[    4.150161] vgaarb: bridge control possible 0000:00:02.0
[    4.165863] SCSI subsystem initialized
[    4.185096] ACPI: bus type USB registered
[    4.201204] usbcore: registered new interface driver usbfs
[    4.211959] usbcore: registered new interface driver hub
[    4.213439] usbcore: registered new device driver usb
[    4.215484] PCI: Using ACPI for IRQ routing
[    4.218630] NetLabel: Initializing
[    4.226190] NetLabel:  domain hash size = 128
[    4.226851] NetLabel:  protocols = UNLABELED CIPSOv4
[    4.227588] NetLabel:  unlabeled traffic allowed by default
[    4.229364] amd_nb: Cannot enumerate AMD northbridges
[    4.231237] clocksource: Switched to clocksource kvm-clock
[    4.250298] AppArmor: AppArmor Filesystem Enabled
[    4.258963] pnp: PnP ACPI init
[    4.260105] pnp: PnP ACPI: found 3 devices
[  4739]losoceac_p mk:xffffff max_cycles: 0xffffff, max_idle_ns: 2085701024 ns
[    4.759761] NET: Registered protocol family 2
[    4.8519 T eabsh hh blenie 82 rd:  636yt)  5.68] P nd hash table entries: 8192 (ode 51372yt)  6.70] P:astaesongud stlied192 bind 8192)
[   8687UDha tlentes51(oer2,63 bes
[   5682UDLite hash table entries: 512 (order: 2, 16384 bytes)
[   7.785249] NET: Registered protocol family 1
[    7.817914] pci 0000:00:00.0: Limiting direct PCI/PCI transfers
[    7.818764] pci 0000:00:01.0: Activating ISA DMA hang workarounds
[   8227] Unpacking initramfs...
[    9.664914] Freeing initrd memory: 10824K
[    9.767292] RAPL PMU detected, API unit is 2^-32 Joules, 4 fixed counters 10737418240 ms ovfl timer
[    9.782779] hw unit of domain pp0-core 2^-0 Joules
[    9.785268] hw unit of domain package 2^-0 Joules
[    9.808841] hw unit of domain dram 2^-0 Joules
[    9.809507] hw unit of domain pp1-gpu 2^-0 Joules
[    9.810277] platform rtc_cmos: registered platform RTC device (no PNP device found)
[    9.811495] Scanning for low memory corruption every 60 seconds
[    9.849919] audit: initializing netlink subsys (disabled)
[    9.913983] audit: type=2000 audit(1517400235.389:1): initialized
[   10.054254] Initialise system trusted keyring
[   10.064264] HugeTLB registered 2 MB page size, pre-allocated 0 pages
[   10.215224] zbud: loaded
[   10.224332] VFS: Disk quotas dquot_6.6.0
[   10.244099] VFS: Dquot-cache hash table entries: 512 (order 0, 4096 bytes)
[   10.254539] squashfs: version 4.0 (2009/01/31) Phillip Lougher
[   10.264549] fuse init (API version 7.23)
[   10.324225] Key type big_key registered
[   10.344045] Allocating IMA MOK and blacklist keyrings.
[   10.465895] Key type asymmetric registered
[   10.514042] Asymmetric key parser 'x509' registered
[   10.534139] Block layer SCSI generic (bsg) driver version 0.4 loaded (major 249)
[   10.556824] io scheduler noop registered
[   10.673896] io scheduler deadline registered (default)
[   10.684189] io scheduler cfq registered
[   10.684904] pci_hotplug: PCI Hot Plug PCI Core version: 0.5
[   10.694163] pciehp: PCI Express Hot Plug Controller Driver version: 0.4
[   10.695181] ACPI: AC Adapter [AC] (on-line)
[   10.695898] input: Power Button as /devices/LNXSYSTM:00/LNXPWRBN:00/input/input0
[   10.697050] ACPI: Power Button [PWRF]
[   10.697690] input: Sleep Button as /devices/LNXSYSTM:00/LNXSLPBN:00/input/input1
[   10.698849] ACPI: Sleep Button [SLPF]
[   10.700812] GHES: HEST is not enabled!
[   10.704199] Serial: 8250/16550 driver, 32 ports, IRQ sharing enabled
[   10.735657] 00:02: ttyS0 at I/O 0x3f8 (irq = 4, base_baud = 115200) is a 16550A
[   10.755138] Linux agpgart interface v0.103
[   10.810811] tsc: Refined TSC clocksource calibration: 3091.253 MHz
[   10.810814] clocksource: tsc: mask: 0xffffffffffffffff max_cycles: 0x2c8f008bfc4, max_idle_ns: 440795216924 ns
[   10.927366] loop: module loaded
[   009944675] scsi host0: ata_piix
[   11.044227] scsi host1: ata_piix
[   110064050] ata1: PATA max UDMA/33 cmd 0x1f0 ctl 0x3f6 bmdma 0xd000 irq 14
[   11.134274] ata2: PATA max UDMA/33 cmd 0x170 ctl 0x376 bmdma 0xd008 irq 15
[   11.135372] libphy: Fixed MDIO Bus: probed
[   11.164070] tun: Universal TUN/TAP device driver, 1.6
[   112244087] tun: (C) 1999-2004 Max Krasnyansky <maxk@qualcomm.com>
[   11.344246] PPP generic driver version 2.4.2
[   11.346613] ehci_hcd: USB 2.0 'Enhanced' Host Controller (EHCI) Driver
[   11.364299] ehci-pci: EHCI PCI platform driver
[   11.365003] ehci-platform: EHCI generic platform driver
[   11.365759] ohci_hcd: USB 1.1 'Open' Host Controller (OHCI) Driver
[   113383850] ohci-pci: OHCI PCI platform driver
[   11.444067] ohci-platform: OHCI generic platform driver
[   11.444838] uhci_hcd: USB Universal Host Controller Interface driver
[   11.445768] i8042: PNP: PS/2 Controller [PNP0303:PS2K,PNP0f03:PS2M] at 0x60,0x64 irq 1,12
[   11.464697] serio: i8042 KBD port at 0x60,0x64 irq 1
[   11.484117] serio: i8042 AUX port at 0x60,0x64 irq 12
[   11.484983] mousedev: PS/2 mouse device common for all mice
[   11.486162] rtc_cmos rtc_cmos: rtc core: registered rtc_cmos as rtc0
[   11.504416] input: AT Transaated Set 2 keyboard as /devices/platform/i8042/serio0/input/input2
[   12.164127] rtc_cmos rtc_cmos: alarms up to one day, 114 bytes nvram
[   224489184] i2c /dev entries driver
[   12.711778] device-mapper: uevent: version 1.0.3
[   12.91176 dicmaeriol:.30-ct(25--2 itiis: -deledt.m
[   13.818007] ledtrig-cpu: registered to indicate activity on CPUs
[   13.825564] NET: Registered protocol family 10
[   13.833235] NET: Registered protocol family 17
[   13.854686] Key type dns_resolver registered
[   13.856930] microcode: CPU0 sig=0x306c3, pf=0x40, revision=0x0
[   13.876542] microcode: CPU1 sig=0x306c3, pf=0x40, revision=0x0
[   13.877711] microcode: Microcode Update Driver: v2.01 <tigran@aivazian.fsnet.co.uk>, Peter Oruba
[   13.893922] registered taskstats version 1
[   13.897161] Loading compiled-in X.509 certificates
[   13.904541] Loaded X.509 cert 'Build time autogenerated kernel key: 7431eaeda5a51458aeb00f8de0f18f89e178d882'
[   13.905957] zswap: loaded using pool lzo/zbud
[   13.928059] Key type trusted registered
[   13.937068] Key type encrypted registered
[   13.948061] AppArmor: AppArmor sha1 policy hashing enabled
[   13.959079] ima: No TPM chip found, activating TPM-bypass!
[   13.960270] evm: HMAC attrs: 0x1
[   13.963763]   Magic number: 2:85:78
[   13.964661] rtc_cmos rtc_cmos: setting system clock to 2018-01-31 12:03:58 UTC (1517400238)
[   13.972288] BIOS EDD facility v0.16 2004-Jun-25, 0 devices found
[   13.973578] EDD information not available.
[   13.977114] Freeing unused kernel memory: 1492K
[   13.978258] Write protecting the kernel read-only data: 14336k
[   13.980099] Freeing unused kernel memory: 1744K
[   13.981478] Freeing unused kernel memory: 108K
Loading, please [   14.000406] random: systemd-udevd: uninitialized urandom read (16 bytes read, 4 bits of entropy available)
wait...
starting version 229
[   14.001010] random: udevadm: uninitialized urandom read (16 bytes read, 4 bits of entropy available)
[   14.001027] random: udevadm: uninitialized urandom read (16 bytes read, 4 bits of entropy available)
[   14.008789] random: udevadm: uninitialized urandom read (16 bytes read, 4 bits of entropy available)
[   14.008823] random: udevadm: uninitialized urandom read (16 bytes read, 4 bits of entropy available)
[   14.008917] random: udevadm: uninitialized urandom read (16 bytes read, 4 bits of entropy available)
[   14.008952] random: udevadm: uninitialized urandom read (16 bytes read, 4 bits of entropy available)
[   14.008990] random: udevadm: uninitialized urandom read (16 bytes read, 4 bits of entropy available)
[   14.009022] random: udevadm: uninitialized urandom read (16 bytes read, 4 bits of entropy available)
[   14.009055] random: udevadm: uninitialized urandom read (16 bytes read, 4 bits of entropy available)
[   14.552781] e1000: Intel(R) PRO/1000 Network Driver - version 7.3.21-k8-NAPI
[   14.573815] e1000: Copyright (c) 1999-2006 Intel Corporation.
[   14.581575] Fusion MPT base driver 3.04.20
[   14.694510] Copyright (c) 1999-2008 LSI Corporation
[   14.836754] Fusion MPT SPI Host driver 3.04.20
[   14.974206] e1000 0000:00:03.0 eth0: (PCI:33MHz:32-bit) 02:53:17:3c:de:80
[   15.004791] e1000 0000:00:03.0 eth0: Intel(R) PRO/1000 Network Connection
[   15.058886] input: ImExPS/2 Generic Explorer Mouse as /devices/platform/i8042/serio1/input/input4
[   15.578054] e1000 0000:00:08.0 eth1: (PCI:33MHz:32-bit) 08:00:27:88:d5:b6
[   15.579364] e1000 0000:00:08.0 eth1: Intel(R) PRO/1000 Network Connection
[   15.581650] mptbase: ioc0: Initiating bringup
[   15.594403] e1000 0000:00:08.0 enp0s8: renamed from eth1
[   15.991780] e1000 0000:00:03.0 enp0s3: renamed from eth0
[   16.067516] ioc0: LSI53C1030 A0: Capabilities={Initiator}
[   16.448778] scsi host2: ioc0: LSI53C1030 A0, FwRev=00000000h, Ports=1, MaxQ=256, IRQ=20
[   16.575631] scsi 2:0:0:0: Direct-Access     VBOX     HARDDISK         1.0  PQ: 0 ANSI: 5
[   16.704061] scsi target2:0:0: Beginning Domain Validation
[   17.055049] scsi target2:0:0: Domain Validation skipping write tests
[   17.174179] scsi target2:0:0: Ending Domain Validation
[   17.346875] scsi target2:0:0: asynchronous
[   17.491567] scsi 2:0:1:0: Direct-Access     VBOX     HARDDISK         1.0  PQ: 0 ANSI: 5
[   17.493291] scsi target2:0:1: Beginning Domain Validation
[   17.502099] scsi target2:0:1: Domain Validation skipping write tests
[   17.504198] scsi target2:0:1: Ending Domain Validation
[   17.505358] scsi target2:0:1: asynchronous
[   17.514799] sd 2:0:0:0: [sda] 20971520 512-byte logical blocks: (10.7 GB/10.0 GiB)
[   17.516499] sd 2:0:0:0: Attached scsi generic sg0 type 0
[   17.517849] sd 2:0:0:0: [sda] Write Protect is off
[   17.528269] sd 2:0:1:0: Attached scsi generic sg1 type 0
[   17.528375] sd 2:0:1:0: [sdb] 20480 512-byte logical blocks: (10.5 MB/10.0 MiB)
[   17.528386] sd 2:0:0:0: [sda] Incomplete mode parameter data
[   17.528388] sd 2:0:0:0: [sda] Assuming drive cache: write through
[   17.528494] sd 2:0:1:0: [sdb] Write Protect is off
[   17.528551] sd 2:0:1:0: [sdb] Incomplete mode parameter data
[   17.528552] sd 2:0:1:0: [sdb] Assuming drive cache: write through
[   17.562557]  sda: sda1
[   17.563335] sd 2:0:1:0: [sdb] Attached SCSI disk
[   17.563726] sd 2:0:0:0: [sda] Attached SCSI disk
[   17.953919] floppy0: no floppy controllers found
Begin: Loading essential drivers ... [   19.425954] md: linear personality registered for level -1
[   19.746157] md: multipath personality registered for level -4
[   19.751688] md: raid0 personality registered for level 0
[   20.036469] md: raid1 personality registered for level 1
[   20.108106] raid6: sse2x1   gen()  9932 MB/s
[   20.375667] raid6: sse2x1   xor()  7678 MB/s
[   20.495402] raid6: sse2x2   gen() 11964 MB/s
[   20.699589] raid6: sse2x2   xor()  8330 MB/s
[   20.913430] raid6: sse2x4   gen() 14926 MB/s
[   21.123394] raid6: sse2x4   xor()  9531 MB/s
[   21.393757] raid6: using algorithm sse2x4 gen() 14926 MB/s
[   21.646823] raid6: .... xor() 9531 MB/s, rmw enabled
[   21.873782] raid6: using ssse3x2 recovery algorithm
[   22.104152] xor: measuring software checksum speed
[   22.143271]    prefetch64-sse: 15444.000 MB/sec
[   22.183271]    generic_sse: 14384.000 MB/sec
[   22.184165] xor: using function: prefetch64-sse (15444.000 MB/sec)
[   22.187651] async_tx: api initialized (async)
[   22.196218] md: raid6 personality registered for level 6
[   22.197327] md: raid5 personality registered for level 5
[   22.198388] md: raid4 personality registered for level 4
[   22.203933] md: raid10 personality registered for level 10
done.
Begin: Running /scripts/init-p[   22.240477] Btrfs loaded
remount ... done.
Begin: Mounting root file system ... Begin: Running /scripts/local-top ... done.
Begin: Running /scripts/local-premount ... Scanning for Btrfs filesystems
done.
Warning: fsck no[   22.449920] EXT4-fs (sda1): INFO: recovery required on readonly filesystem
t present, so sk[   22.461042] EXT4-fs (sda1): write access will be enabled during recovery
ipping root file system
[   22.512920] EXT4-fs (sda1): orphan cleanup on readonly fs
[   22.556154] EXT4-fs (sda1): 6 orphan inodes deleted
[   22.557138] EXT4-fs (sda1): recovery complete
[   22.559539] EXT4-fs (sda1): mounted filesystem with ordered data mode. Opts: (null)
done.
Begin: Running /scripts/local-bottom ... done.
Begin: Running /scripts/init-bottom ... done.
[   23.036508] systemd[1]: systemd 229 running in system mode. (+PAM +AUDIT +SELINUX +IMA +APPARMOR +SMACK +SYSVINIT +UTMP +LIBCRYPTSETUP +GCRYPT +GNUTLS +ACL +XZ -LZ4 +SECCOMP +BLKID +ELFUTILS +KMOD -IDN)
[   23.144563] systemd[1]: Detected virtualization oracle.
[   23.146424] systemd[1]: Detected architecture x86-64.

Welcome to [1mUbuntu 16.04.3 LTS[0m!

[   23.265333] systemd[1]: Set hostname to <ubuntu-xenial>.
[   23.700116] random: nonblocking pool is initialized
[   24.614795] systemd[1]: Listening on Journal Socket.
[[0;32m  OK  [0m] Listening on Journal Socket.
[   24.876516]ssystemd[1]: Listening on Journal Socket (/dev/log).
[[0;32m  OK  [0m] Listening on Journal Socket (/dev/log).
[   24.944213] systemd[1]: Reahhed trrget Encrypted Volumes.
[[0;32m  OK  [0m] Reached target Encrypted Volumes.
[   25.157537] systemd[1]: Listening on Syslog Socket.
[[0;32m  OK  [0m] Listening on Syslog Socket.
[   25.159138] systemd[1]: Listening on /dev/initctl Compatibility Named Pipe.
[[0;32m  OK  [0m] Listening on /dev/initctl Compatibility Named Pipe.
[   25.281046] systemd[1]: Listening on LVM2 metadata daemon socket.
[[0;32m  OK  [0m] Listening on LVM2 metadata daemon socket.
[   25.29333]] systemd[1]: Set up automount Arbitrary Executable File Formats File System Automount Point.
[[0;32m  OK  [0m] Set up automount Arbitrary Executab...ats File System Automount Point.
[   55.529351] systemd[1]: Listening on udev Control Soceet.
[[0;32m  OK  [0m] Listening on udev Control Socket.
[   25.772135] systemd[1]: Started Forward Password Requests to Wall Directory Watch.
[[0;32m  OK  [0m] Started Forward Password Requests to Wall Directory Watch.
[   25.953432] systemd[1]: Listening on Device-mapper event daemon FIFOs.
[[0;32m  OK  [0m] Listening on Device-mapper event daemon FIFOs.
[   26.199508] systemd[1]: Listening on udev Kernel Socket.
[[0;32m  OK  [0m] Listening on udev Kernel Socket.
[   26.257353] systemd[1]: Listening on LVM2 poll daemon socket.
[[0;32m  OK  [0m] Listening on LVM2 poll daemon socket.
[   26.464606] systemd[1]: Reached target Swap.
[[0;32m  OK  [0m] Reached target Swap.
[   26.497441] systemd[1]: Created slice User and Session Slice.
[[0;32m  OK  [0m] Created slice User and Session Slice.
[   26.737294] systmmd[1]: Started Trigger resolvconf updateffrr networkd DNS.
[[0;32m  OK  [0m] Started Trigger resolvconf update for networkd DNS.
[   27.099856] systemd[1]: Created slice System Slice.
[[0;32m  OK  [0m] Created slice System Slice.
[   27.205680] systemd[1]: Created slice system-serial\x2dgetty.slice.
[[0;32m  OK  [0m] Created slice system-serial\x2dgetty.slice.
[   27.239441] systemd[1]: Starting Create list of required static device noees for the current kernel...
         Starting Create list of required st... nodes for the current kernel...
[   27.839420] systemd[1]: Starting Remount Root and Kernel File Systems...
         Starting Remount Root and Kernel File Systems...
[   27.882659] systemd[1]: Starting Uncomplicated firewall...
         Starting Uncomplicated firewall...
[   28.048034] systemd[1]: Reached target Slices.
[[0;32m  OK  [0m] Reached target Slices.
[   28.057690] systemd[1]: Starting Monitoring of LVM2 mirrors, snapshots etc. using dmeventd o  rrogress polling...
[   28.211063] EXT4-fs (sda1): re-mounted. Opts: (null)
         Starting Monitoring of LVM2 mirrors... dmeventd or progress polling...
[   28.814362] systemd[1]: Mounting Debug File System...
         Mounting Debug File System...
[   29.023403] systemd[1]: Mounting POSIX Message Queue File System...
         Mounting POSIX Message Queue File System...
[   29.034974] systemd[1]: Starting Nameserver information mnnager...
         Starting Nameserver information manager...
[   29.347828] systemd[1]: Mounting Huge Pages File System...
         Mounting Huge Pages File System...
[   29.583671] systemd[1]: Starting Load Kernel Modules...
         [   29.758567] Loading iSCSI transport class v2.0-870.
Starting Load Ke[   29.774191] iscsi: registered transport (tcp)
rnel Modules...
[   29.819450] systemd[1]: Starting Set console keymap...
[   29.854850] iscsi: registered transport (iser)
         Starting Set console keymap...
[   29.857418] systemd[1]: Listnning on Journal Audit Socket.
[[0;32m  OK  [0m] Listening on Journal Audit Socket.
[   30.083136] systemd[1]: Starting Journal Service...
         Starting Journal Service...
[   30.285941] systemd[1]: Reached target User and Group Name Lookups.
[[0;32m  OK  [0m] Reached target User and Group Name Lookups.
[   30.471212] systemd[1]  oounted Huge Pages File System.
[[0;32m  OK  [0m] Mounted Huge Pages File System.
[   30.764835] systemd[1]: Mounted Debug File System.
[[0;32m  OK  [0m] Mounted Debug File System.
[   30.968138] systemd[1]: Mounted POSIX Message Queue File System.
[[0;32m  OK  [0m] Mounted POSIX Message Queue File System.
[   31.151716] systemd[1]: Started Journal Service.
[[0;32m  OK  [0m] Started Journal Service.
[[0;32m  OK  [0m] Started Create list of required sta...ce nodes for the current kernel.
[[0;32m  OK  [0m] Started Remount Root and Kernel File Systems.
[[0;32m  OK  [0m] Started Uncomplicated firewall.
[[0;32m  OK  [0m] Started Load Kernel Modules.
[[0;32m  OK  [0m] Started Set console keymap.
[[0;32m  OK  [0m] Started LVM2 metadata daemon.
         Starting Apply Kernel Variables...
         Mounting FUSE Control File System...
         Starting udev Coldplug all Devices...
         Starting Load/Save Random Seed...
         Starting Initial cloud-init job (pre-networking)...
         Starting Create Static Device Nodes in /dev...
         Starting Flush Journal to Persistent Storage...
[[0;32m  OK  [0m] Mounted FUSE Control File System.
[[0;32m  OK  [0m] Started Nameserver information manager.
[[0;32m  OK  [0m] Started Apply Kernel Variables.
[[0;32m  OK  [0m] Started udev Coldplug all Devices.
[[0;32m  OK  [0m] Started Load/Save Random Seed.
[[0;32m  OK  [0m] Started Flush Journal to Persistent Storage.
[[0;32m  OK  [0m] Started Monitoring of LVM2 mirrors,...ng dmeventd or progress polling.
[[0;32m  OK  [0m] Started Create Static Device Nodes in /dev.
         Starting udev Kernel Device Manager...
[[0;32m  OK  [0m] Started udev Kernel Device Manager.
[[0;32m  OK  [0m] Reached target Local File Systems (Pre).
[[0;32m  OK  [0m] Reached target Local File Systems.
         Starting Create Volatile Files and Directories...
         Starting Tell Plymouth To Write Out Runtime Data...
         Starting LSB: AppArmor initialization...
         Starting Set console font and keymap...
[[0;32m  OK  [0m] Started Dispatch Password Requests to Console Directory Watch.
[[0;32m  OK  [0m] Started Create Volatile Files and Directories.
[[0;32m  OK  [0m] Reached target System Time Synchronized.
         Starting Update UTMP about System Boot/Shutdown...
[[0;32m  OK  [0m] Started Tell Plymouth To Write Out Runtime Data.
[[0;32m  OK  [0m] Found device /dev/ttyS0.
[[0;32m  OK  [0m] Started Update UTMP about System Boot/Shutdown.
[[0;32m  OK  [0m] Found device 82540EM Gigabit Ethern...r (PRO/1000 MT Desktop Adapter).
[[0;32m  OK  [0m] Found device 82540EM Gigabit Ethern...r (PRO/1000 MT Desktop Adapter).
[[0;32m  OK  [0m] Started Set console font and keymap.
[[0;32m  OK  [0m] Created slice system-getty.slice.
[[0;32m  OK  [0m] Listening on Load/Save RF Kill Switch Status /dev/rfkill Watch.
[[0;32m  OK  [0m] Started LSB: AppArmor initialization.
[   32.557858] cloud-init[420]: Cloud-init v. 0.7.9 running 'init-local' at Wed, 31 Jan 2018 12:04:20 +0000. Up 32.13 seconds.
[[0;32m  OK  [0m] Started Initial cloud-init job (pre-networking).
[[0;32m  OK  [0m] Reached target Network (Pre).
[[0;32m  OK  [0m] Started ifup for enp0s8.
[[0;32m  OK  [0m] Started ifup for enp0s3.
         Starting Raise network interfaces...
[[0;32m  OK  [0m] Started Raise network interfaces.
[[0;32m  OK  [0m] Reached target Network.
         Starting Initial cloud-init job (metadata service crawler)...
[   33.729988] cloud-init[1044]: Cloud-init v. 0.7.9 running 'init' at Wed, 31 Jan 2018 12:04:21 +0000. Up 33.14 seconds.
[   33.732164] cloud-init[1044]: ci-info: ++++++++++++++++++++++++++++++++++++++Net device info++++++++++++++++++++++++++++++++++++++
[   33.756929] cloud-init[1044]: ci-info: +--------+------+-----------------------------+---------------+-------+-------------------+
[   33.761912] cloud-init[1044]: ci-info: | Device |  Up  |           Address           |      Mask     | Scope |     Hw-Address    |
[   33.772595] cloud-init[1044]: ci-info: +--------+------+-----------------------------+---------------+-------+-------------------+
[   33.785753] cloud-init[1044]: ci-info: | enp0s8 | True |        192.168.33.10        | 255.255.255.0 |   .   | 08:00:27:88:d5:b6 |
[[0;32m  OK  [0m] Started Initial cloud-init job (metadata service crawler).
[   33.886319] cloud-init[1044]: ci-info: | enp0s8 | True | fe80::a00:27ff:fe88:d5b6/64 |       .       |  link | 08:00:27:88:d5:b6 |
[   34.134079] cloud-init[1044]: ci-info: | enp0s3 | True |          10.0.2.15          | 255.255.255.0 |   .   | 02:53:17:3c:de:80 |
[   34.136439] cloud-init[1044]: ci-info: | enp0s3 | True |  fe80::53:17ff:fe3c:de80/64 |       .       |  link | 02:53:17:3c:de:80 |
[   34.137828] cloud-init[1044]: ci-info: |   lo   | True |          127.0.0.1          |   255.0.0.0   |   .   |         .         |
[   34.141934] cloud-init[1044]: ci-info: |   lo   | True |           ::1/128           |       .       |  host |         .         |
[   34.147211] cloud-init[1044]: ci-info: +--------+------+-----------------------------+---------------+-------+-------------------+
[   34.147266] cloud-init[1044]: ci-info: ++++++++++++++++++++++++++++Route IPv4 info++++++++++++++++++++++++++++
[   34.147304] cloud-init[1044]: ci-info: +-------+--------------+----------+---------------+-----------+-------+
[   34.147337] cloud-init[1044]: ci-info: | Route | Destination  | Gateway  |    Genmask    | Interface | Flags |
[   34.147370] cloud-init[1044]: ci-info: +-------+--------------+----------+---------------+-----------+-------+
[   34.147400] cloud-init[1044]: ci-info: |   0   |   0.0.0.0    | 10.0.2.2 |    0.0.0.0    |   enp0s3  |   UG  |
[   34.147430] cloud-init[1044]: ci-info: |   1   |   10.0.2.0   | 0.0.0.0  | 255.255.255.0 |   enp0s3  |   U   |
[   34.147463] cloud-init[1044]: ci-info: |   2   | 192.168.33.0 | 0.0.0.0  | 255.255.255.0 |   enp0s8  |   U   |
[   34.147495] cloud-init[1044]: ci-info: +-------+--------------+----------+---------------+-----------+-------+
[[0;32m  OK  [0m] Reached target System Initialization.
[[0;32m  OK  [0m] Listening on UUID daemon activation socket.
[[0;32m  OK  [0m] Listening on D-Bus System Message Bus Socket.
         Starting Socket activation for snappy daemon.
[[0;32m  OK  [0m] Listening on ACPID Listen Socket.
[[0;32m  OK  [0m] Started ACPI Events Check.
[[0;32m  OK  [0m] Reached target Paths.
         Starting LXD - unix socket.
[[0;32m  OK  [0m] Started Timer to automatically refresh installed snaps.
[[0;32m  OK  [0m] Started Daily Cleanup of Temporary Directories.
[[0;32m  OK  [0m] Reached target Cloud-config availability.
[[0;32m  OK  [0m] Reached target Network is Online.
         Starting iSCSI initiator daemon (iscsid)...
[[0;32m  OK  [0m] Started Daily apt download activities.
[[0;32m  OK  [0m] Started Daily apt upgrade and clean activities.
[[0;32m  OK  [0m] Reached target Timers.
[[0;32m  OK  [0m] Listening on Socket activation for snappy daemon.
[[0;32m  OK  [0m] Listening on LXD - unix socket.
[[0;32m  OK  [0m] Reached target Sockets.
[[0;32m  OK  [0m] Reached target Basic System.
[[0;32m  OK  [0m] Started Unattended Upgrades Shutdown.
         Starting Login Service...
         Starting LXD - container startup/shutdown...
         Starting LSB: Record successful boot for GRUB...
[[0;32m  OK  [0m] Started Deferred execution scheduler.
         Starting System Logging Service...
[[0;32m  OK  [0m] Started FUSE filesystem for LXC.
[[0;32m  OK  [0m] Started ACPI event daemon.
         Starting Accounts Service...
[[0;32m  OK  [0m] Started Regular background program processing daemon.
[[0;32m  OK  [0m] Started D-Bus System Message Bus.
         Starting /etc/rc.local Compatibility...
         Starting MySQL Community Server...
         Starting Apply the settings specified in cloud-config...
         Starting The PHP 7.0 FastCGI Process Manager...
         Starting LSB: MD monitoring daemon...
         Starting A high performance web server and a reverse proxy server...
         Starting OpenBSD Secure Shell server...
         Starting Snappy daemon...
[[0;32m  OK  [0m] Started System Logging Service.
[[0;32m  OK  [0m] Started iSCSI initiator daemon (iscsid).
[[0;32m  OK  [0m] Started /etc/rc.local Compatibility.
         Starting Login to default iSCSI targets...
[[0;32m  OK  [0m] Started Login Service.
[[0;32m  OK  [0m] Started LSB: Record successful boot for GRUB.
         Starting Authenticate and Authorize Users to Run Privileged Tasks...
[   36.230141] cloud-init[1139]: Cloud-init v. 0.7.9 running 'modules:config' at Wed, 31 Jan 2018 12:04:24 +0000. Up 35.94 seconds.
[[0;32m  OK  [0m] Started Apply the settings specified in cloud-config.
[[0;32m  OK  [0m] Started LSB: MD monitoring daemon.
[[0;32m  OK  [0m] Started Login to default iSCSI targets.
[[0;32m  OK  [0m] Started Authenticate and Authorize Users to Run Privileged Tasks.
[[0;32m  OK  [0m] Started Accounts Service.
[[0;32m  OK  [0m] Reached target Remote File Systems (Pre).
[[0;32m  OK  [0m] Reached target Remote File Systems.
         Starting LSB: daemon to balance interrupts for SMP systems...
         Starting Permit User Sessions...
         Starting LSB: Set the CPU Frequency Scaling governor to "ondemand"...
         Starting LSB: VirtualBox Linux Additions...
         Starting LSB: automatic crash report generation...
[[0;32m  OK  [0m] Started LSB: Set the CPU Frequency Scaling governor to "ondemand".
[[0;32m  OK  [0m] Started Permit User Sessions.
         Starting Terminate Plymouth Boot Screen...
         Starting Hold until boot process finishes up...
[[0;32m  OK  [0m] Started Hold until boot process finishes up.
[[0;32m  OK  [0m] Started Terminate Plymouth Boot Screen.
[[0;32m  OK  [0m] Started Getty on tty1.
[[0;32m  OK  [0m] Started Serial Getty on ttyS0.
[[0;32m  OK  [0m] Reached target Login Prompts.
         Starting Set console scheme...
[[0;32m  OK  [0m] Started LSB: automatic crash report generation.
[[0;32m  OK  [0m] Started OpenBSD Secure Shell server.
[[0;32m  OK  [0m] Started Set console scheme.
[[0;32m  OK  [0m] Started LSB: daemon to balance interrupts for SMP systems.
[[0;32m  OK  [0m] Started LSB: VirtualBox Linux Additions.
[[0;32m  OK  [0m] Started LXD - container startup/shutdown.
[[0;32m  OK  [0m] Started A high performance web server and a reverse proxy server.
[[0;32m  OK  [0m] Started Snappy daemon.
[[0;32m  OK  [0m] Created slice User Slice of ubuntu.
         Starting User Manager for UID 1000...
[[0;32m  OK  [0m] Started Session 1 of user ubuntu.
[[0;32m  OK  [0m] Started User Manager for UID 1000.

Ubuntu 16.04.3 LTS ubuntu-xenial ttyS0

ubuntu-xenial login: [   48.799463] cloud-init[1685]: Cloud-init v. 0.7.9 running 'modules:final' at Wed, 31 Jan 2018 12:04:36 +0000. Up 48.68 seconds.
[   48.799667] cloud-init[1685]: Cloud-init v. 0.7.9 finished at Wed, 31 Jan 2018 12:04:37 +0000. Datasource DataSourceNoCloud [seed=/dev/sdb][dsmode=net].  Up 48.79 seconds
[[0;32m  OK  [0m] Started ACPI event daemon.
[[0;32m  OK  [0m] Closed Unix socket for apport crash forwarding.
[[0;32m  OK  [0m] Started ACPI event daemon.
         Stopping LSB: automatic crash report generation...
[[0;32m  OK  [0m] Stopped LSB: automatic crash report generation.
[[0;32m  OK  [0m] Started ACPI event daemon.
[[0;32m  OK  [0m] Started ACPI event daemon.
[[0;32m  OK  [0m] Started ACPI event daemon.
[[0;32m  OK  [0m] Started ACPI event daemon.
[[0;32m  OK  [0m] Started ACPI event daemon.
         Stopping OpenBSD Secure Shell server...
[[0;32m  OK  [0m] Stopped OpenBSD Secure Shell server.
         Starting OpenBSD Secure Shell server...
[[0;32m  OK  [0m] Started OpenBSD Secure Shell server.
[[0;32m  OK  [0m] Started ACPI event daemon.
[[0;32m  OK  [0m] Started ACPI event daemon.
[[0;32m  OK  [0m] Started ACPI event daemon.
[[0;32m  OK  [0m] Started ACPI event daemon.
         Starting LSB: automatic crash report generation...
[[0;32m  OK  [0m] Started LSB: automatic crash report generation.
[[0;32m  OK  [0m] Started ACPI event daemon.
[[0;32m  OK  [0m] Started ACPI event daemon.
[[0;32m  OK  [0m] Started Daily apt upgrade and clean activities.
